I'm sorry, but errors were detected in your script. Please correct the
errors listed below, and try again.


File "game/screens.rpy", line 452: vbox expects a non-empty block.
    vbox:
         ^

Ren'Py Version: Ren'Py 7.3.5.606
Wed Jun 24 18:56:04 2020
